// Jest Snapshot v1, https://goo.gl/fbAQLP

exports[`ProductDetails should match snapshot 1`] = `
<div>
  <div
    class="content"
  >
    <div
      class="product-main"
    >
      <div
        class="image"
      >
        <img
          alt=""
          src="https://fakestoreapi.com/img/81fPKd-2AYL._AC_SL1500_.jpg"
        />
      </div>
      <div
        class="details"
      >
        <h2>
          Product 1
        </h2>
        <h3>
          $
          10
        </h3>
        <p>
          Product description
        </p>
        <p>
          Lorem ipsum dolor sit amet consectetur, adipisicing elit. Animi voluptate neque harum. Quam facere accusamus exercitationem in quidem mollitia eligendi porro eos voluptates iure incidunt, laudantium sed harum omnis quasi?
        </p>
        <div
          class="qty-container"
        >
          <div
            class="qty"
          >
            <button
              class="qty-count qty-count--minus"
              data-action="minus"
            >
              -
            </button>
            <div
              class="qty-num"
            >
              1
            </div>
            <button
              class="qty-count qty-count--add"
              data-action="add"
            >
              +
            </button>
          </div>
          <button
            class="add-to-cart"
          >
            Add to cart
          </button>
        </div>
      </div>
    </div>
  </div>
</div>
`;
